--------------------------------------------------------------------------------
      name:  <unnamed>
       log:  \Desktop\solution2.log
  log type:  text
 opened on:  15 Jul 2014, 05:43:03

. * =================================================;
. * Chisheng Li Solution 2
> * =================================================;
. * =================================================;
. * Problem 1 - School Construction and Economic Development
> * =================================================;
. use "\Desktop\assignment2.dta", clear;

. * Q1ai) How does completed schooling vary by family income?;
. * Answer: Family income and completed schooling are positively related. Childr
> en from
> * families with high income have more years of completed schooling.;
. tab incomehi, sum(ed);

            |            Summary of ed
   incomehi |        Mean   Std. Dev.       Freq.
------------+------------------------------------
          0 |   13.580288   1.7471001        2709
          1 |   14.449862    1.829525        1087
------------+------------------------------------
      Total |   13.829294   1.8139688        3796

. * Q1aii) How does completed schooling vary by whether a student's mother gradu
> ated
> * college? What about their father?;
. * Answer: Completed schooling is also positively correlated with parental educ
> ation.
> * Children whose mother or father went to college complete more schooling them
> selves.;
. tab momcoll, sum(ed);

            |            Summary of ed
    momcoll |        Mean   Std. Dev.       Freq.
------------+------------------------------------
          0 |   13.659014   1.7698348        3267
          1 |   14.880907   1.7284918         529
------------+------------------------------------
      Total |   13.829294   1.8139688        3796

. tab dadcoll, sum(ed);

            |            Summary of ed
    dadcoll |        Mean   Std. Dev.       Freq.
------------+------------------------------------
          0 |   13.561902   1.7384877        3029
          1 |   14.885267   1.7191532         767
------------+------------------------------------
      Total |   13.829294   1.8139688        3796

. * Q1aiii) Describe the variation in distance to college. What is the mean, med
> ian, min,
> * max, 25th percentile, 75th percentile?;
. * Answer: The average child in the sample lives 17.2 miles from a college. The
>  25th and
> * 75th percentiles (also called the interquartile range) are 4 miles and 25 mi
> les,
> * respectively. The minimum is 0 miles and the maximum is 160 miles.;
. sum dist, detail;

                            dist
-------------------------------------------------------------
      Percentiles      Smallest
 1%            0              0
 5%           .1              0
10%           .1              0       Obs                3796
25%           .4              0       Sum of Wgt.        3796

50%            1                      Mean           1.724921
                        Largest       Std. Dev.      2.133836
75%          2.5             16
90%            4             16       Variance       4.553255
95%          5.2             16       Skewness       2.904585
99%           11             16       Kurtosis       15.48146

. * Q1aiv) The distance data are top-coded. What is the top code value? What is 
> the largest
> * fraction of the observations that could be top-coded?;
. * Answer: The top code value is 160 miles. This means that any children living
>  more than
> * 160 miles from a college were assigned the value of 160. At most, 0.24% of t
> he sample is top-coded.;
. gen topcode = 1 if dist==16;
(3787 missing values generated)

. replace topcode = 0 if dist != 16;
(3787 real changes made)

. tab topcode;

    topcode |      Freq.     Percent        Cum.
------------+-----------------------------------
          0 |      3,787       99.76       99.76
          1 |          9        0.24      100.00
------------+-----------------------------------
      Total |      3,796      100.00

. * Q1bi) Graph completed schooling against distance to nearest college using a
> * scatterplot. Include the graph in your answers.;
. * Q1bii) What do you see? Does there appear to be a relationship between dista
> nce to
> * college and years of completed education?;
. * Answer: From the scatterplot, it appears that years of schooling and distanc
> e to
> * the nearest college are negatively correlated. That is, students living furt
> her
> * from a college appear to have less schooling on average.;
. twoway scatter ed dist,
> xtitle("Distance to Nearest College (10 miles)")
> ytitle("Years of Education");

. *graph export assign2_1.wmf, replace;
. * Q2a) Regress completed schooling on distance to the nearest college;
. reg ed dist, robust;

Linear regression                                      Number of obs =    3796
                                                       F(  1,  3794) =   29.83
                                                       Prob > F      =  0.0000
                                                       R-squared     =  0.0074
                                                       Root MSE      =  1.8074

------------------------------------------------------------------------------
             |               Robust
          ed |      Coef.   Std. Err.      t    P>|t|     [95% Conf. Interval]
-------------+----------------------------------------------------------------
        dist |  -.0733727   .0134334    -5.46   0.000    -.0997101   -.0470353
       _cons |   13.95586   .0378112   369.09   0.000     13.88172    14.02999
------------------------------------------------------------------------------

. * Q2b) Find and label the following on your Stata output and interpret these s
> tatistics.;
. * Q2bi) beta_1;
. * Answer: beta_1 = -0.07. A ten mile increase in distance from the nearest col
> lege is
> * associated with a 0.07 year decrease in years of completed schooling.;
. * Q2bii) Standard error of beta_1;
. * Answer: SE(beta_1) = 0.013. This is the variation in our estimate of
> * beta_1 due to sampling variability. If we drew a bunch of random samples and
>  ran
> * this regression on each of these samples, we would get a range of values for
>  beta_1.
> * This is our estimate of the standard deviation of these values of beta_1.;
. * Q2biii) t-test for null hypotheses that beta_1 = 0;
. * Answer: The t-statistic for the test of this null hypothesis is -5.46, 
> * which is greater (in absolute value) than the critical value of 1.96. 
> * Therefore we can reject the null hypotheses.;
. * Q2biv) Confidence interval for beta_1;
. * Answer: CI = [-0.010 to -0.047]. If we were to run this regression on a 
> * hundred different random samples, 95% of the time the estimate would fall 
> * in this range. We can be sure, with 95% certainty, that the true (population
> ) 
> * value for beta_1 falls in this range.;
.  * Q2bv) beta_0;
. * Answer: beta_0 = 13.96. This is the predicted years of schooling for someone
>  who lives right
> * next to a college (zero miles from one).;
. * Q2bvi) Number of observations: N = 3796 ;
. * Q2bvii) R^2 = 0.0074. This means that 0.7% of the variation in educational 
> * attainment can be accounted for by variation in the distance to nearest coll
> ege.;
. * Q3a)Regress completed schooling on the variable indicating whether the child
>  comes from a
> * high income family.;
. reg ed incomehi, robust;

Linear regression                                      Number of obs =    3796
                                                       F(  1,  3794) =  179.82
                                                       Prob > F      =  0.0000
                                                       R-squared     =  0.0470
                                                       Root MSE      =  1.7711

------------------------------------------------------------------------------
             |               Robust
          ed |      Coef.   Std. Err.      t    P>|t|     [95% Conf. Interval]
-------------+----------------------------------------------------------------
    incomehi |   .8695741   .0648458    13.41   0.000     .7424381    .9967101
       _cons |   13.58029   .0335697   404.54   0.000     13.51447     13.6461
------------------------------------------------------------------------------

. * Q3b) Find and label the following on your Stata output and interpret these s
> tatistics.;
. * Q3bi) beta_1;
. * Answer: beta_1 = 0.87. Children from high income families have 0.87 more yea
> rs of
> * completed schooling than children from low income families.;
. * Q3bii) Standard error of beta_1;
. * Answer: SE(beta_1) = 0.065. This is the variation in our estimate of
> * beta_1 due to sampling variability. If we drew a bunch of random samples and
>  ran
> * this regression on each of these samples, we would get a range of values for
>  beta_1.
> * This is our estimate of the standard deviation of these values of beta_1.;
. * Q3biii) t-test for null hypotheses that beta_1 = 0;
. * Answer: The t-statistic for the test of this null hypothesis is 13.41, 
> * which is greater (in absolute value) than the critical value of 1.96. 
> * Therefore we can reject the null hypotheses that children from low and
> * high income families have the same years of completed schooling.;
. * Q3biv) Confidence interval for beta_1;
. * Answer: CI = [0.742 to 0.997]. If we were to run this regression on a hundre
> d 
> * different random samples, 95% of the time the estimate would fall in this 
> * range. We can be sure, with 95% certainty, that the true (population) value 
> * for beta_1 falls in this range. ;
. * Q3bv) beta_0;
. * Answer: beta_0 = 13.58. This is the average years of schooling for children 
> from low
> * income families.;
. * Q3bvi) Number of observations: N = 3796 ;
. * Q3bvii) R^2 = 0.047. This means that 4.7% of the variation in educational at
> tainment
> * can be accounted for by variation in family income category.;
. * Q4) Which factor – distance to college or family income – explains more of t
> he variation in
> * educational attainment in this data?;
. * Answer: Family income explains more of the variation in educational attainme
> nt in this data. 
> * You can see this by comparing the R-squared from the two regressions.;
. log close;
      name:  <unnamed>
       log:  \Desktop\solution2.log
  log type:  text
 closed on:  15 Jul 2014, 05:43:04
--------------------------------------------------------------------------------
